// Jest Snapshot v1, https://goo.gl/fbAQLP

exports[`ErrorMessage Tests should match snapshot 1`] = `
<div>
  Error occurred, Please try again!
</div>
`;
