// Jest Snapshot v1, https://goo.gl/fbAQLP

exports[`Footer Tests should match snapshot 1`] = `
<div
  className="footer"
>
  Â©
  2024
   
  - React Post Articles
</div>
`;
